  Determining projects to restore...
  Restored D:\DotNet\TechStore\Domain\Domain.csproj (in 89 ms).
  Restored d:\DotNet\TechStore\Application\Application.csproj (in 238 ms).
  Restored d:\DotNet\TechStore\Infrastructure\Infrastructure.csproj (in 247 ms).
  Restored d:\DotNet\TechStore\WebApp\WebApp.csproj (in 249 ms).
d:\DotNet\TechStore\Domain\Entities\Review.cs(8,24): warning CS8618: Non-nullable property 'Product' must contain a non-null value when exiting constructor. Consider adding the 'required' modifier or declaring the property as nullable. [d:\DotNet\TechStore\Domain\Domain.csproj]
d:\DotNet\TechStore\Domain\Entities\Review.cs(10,23): warning CS8618: Non-nullable property 'UserId' must contain a non-null value when exiting constructor. Consider adding the 'required' modifier or declaring the property as nullable. [d:\DotNet\TechStore\Domain\Domain.csproj]
d:\DotNet\TechStore\Domain\Entities\Review.cs(11,23): warning CS8618: Non-nullable property 'UserName' must contain a non-null value when exiting constructor. Consider adding the 'required' modifier or declaring the property as nullable. [d:\DotNet\TechStore\Domain\Domain.csproj]
d:\DotNet\TechStore\Domain\Entities\OrderDetail.cs(8,22): warning CS8618: Non-nullable property 'Order' must contain a non-null value when exiting constructor. Consider adding the 'required' modifier or declaring the property as nullable. [d:\DotNet\TechStore\Domain\Domain.csproj]
d:\DotNet\TechStore\Domain\Entities\OrderDetail.cs(11,24): warning CS8618: Non-nullable property 'Product' must contain a non-null value when exiting constructor. Consider adding the 'required' modifier or declaring the property as nullable. [d:\DotNet\TechStore\Domain\Domain.csproj]
d:\DotNet\TechStore\Domain\Entities\Brand.cs(7,23): warning CS8618: Non-nullable property 'Name' must contain a non-null value when exiting constructor. Consider adding the 'required' modifier or declaring the property as nullable. [d:\DotNet\TechStore\Domain\Domain.csproj]
d:\DotNet\TechStore\Domain\Entities\ProductSpecification.cs(8,24): warning CS8618: Non-nullable property 'Product' must contain a non-null value when exiting constructor. Consider adding the 'required' modifier or declaring the property as nullable. [d:\DotNet\TechStore\Domain\Domain.csproj]
d:\DotNet\TechStore\Domain\Entities\ProductSpecification.cs(10,23): warning CS8618: Non-nullable property 'Name' must contain a non-null value when exiting constructor. Consider adding the 'required' modifier or declaring the property as nullable. [d:\DotNet\TechStore\Domain\Domain.csproj]
d:\DotNet\TechStore\Domain\Entities\ProductSpecification.cs(11,23): warning CS8618: Non-nullable property 'Value' must contain a non-null value when exiting constructor. Consider adding the 'required' modifier or declaring the property as nullable. [d:\DotNet\TechStore\Domain\Domain.csproj]
d:\DotNet\TechStore\Domain\Entities\ProductImage.cs(7,23): warning CS8618: Non-nullable property 'ImageUrl' must contain a non-null value when exiting constructor. Consider adding the 'required' modifier or declaring the property as nullable. [d:\DotNet\TechStore\Domain\Domain.csproj]
d:\DotNet\TechStore\Domain\Entities\ProductImage.cs(12,24): warning CS8618: Non-nullable property 'Product' must contain a non-null value when exiting constructor. Consider adding the 'required' modifier or declaring the property as nullable. [d:\DotNet\TechStore\Domain\Domain.csproj]
d:\DotNet\TechStore\Domain\Entities\Category.cs(7,23): warning CS8618: Non-nullable property 'Name' must contain a non-null value when exiting constructor. Consider adding the 'required' modifier or declaring the property as nullable. [d:\DotNet\TechStore\Domain\Domain.csproj]
d:\DotNet\TechStore\Domain\Entities\Category.cs(8,23): warning CS8618: Non-nullable property 'Slug' must contain a non-null value when exiting constructor. Consider adding the 'required' modifier or declaring the property as nullable. [d:\DotNet\TechStore\Domain\Domain.csproj]
d:\DotNet\TechStore\Domain\Entities\Order.cs(8,23): warning CS8618: Non-nullable property 'UserId' must contain a non-null value when exiting constructor. Consider adding the 'required' modifier or declaring the property as nullable. [d:\DotNet\TechStore\Domain\Domain.csproj]
d:\DotNet\TechStore\Domain\Entities\Order.cs(12,23): warning CS8618: Non-nullable property 'FullName' must contain a non-null value when exiting constructor. Consider adding the 'required' modifier or declaring the property as nullable. [d:\DotNet\TechStore\Domain\Domain.csproj]
d:\DotNet\TechStore\Domain\Entities\Order.cs(13,23): warning CS8618: Non-nullable property 'PhoneNumber' must contain a non-null value when exiting constructor. Consider adding the 'required' modifier or declaring the property as nullable. [d:\DotNet\TechStore\Domain\Domain.csproj]
d:\DotNet\TechStore\Domain\Entities\Order.cs(14,23): warning CS8618: Non-nullable property 'ShippingAddress' must contain a non-null value when exiting constructor. Consider adding the 'required' modifier or declaring the property as nullable. [d:\DotNet\TechStore\Domain\Domain.csproj]
d:\DotNet\TechStore\Domain\Entities\Order.cs(18,23): warning CS8618: Non-nullable property 'PaymentMethod' must contain a non-null value when exiting constructor. Consider adding the 'required' modifier or declaring the property as nullable. [d:\DotNet\TechStore\Domain\Domain.csproj]
d:\DotNet\TechStore\Domain\Entities\Product.cs(7,23): warning CS8618: Non-nullable property 'Name' must contain a non-null value when exiting constructor. Consider adding the 'required' modifier or declaring the property as nullable. [d:\DotNet\TechStore\Domain\Domain.csproj]
d:\DotNet\TechStore\Domain\Entities\Product.cs(8,23): warning CS8618: Non-nullable property 'Code' must contain a non-null value when exiting constructor. Consider adding the 'required' modifier or declaring the property as nullable. [d:\DotNet\TechStore\Domain\Domain.csproj]
d:\DotNet\TechStore\Domain\Entities\Product.cs(9,23): warning CS8618: Non-nullable property 'Slug' must contain a non-null value when exiting constructor. Consider adding the 'required' modifier or declaring the property as nullable. [d:\DotNet\TechStore\Domain\Domain.csproj]
d:\DotNet\TechStore\Domain\Entities\Product.cs(23,25): warning CS8618: Non-nullable property 'Category' must contain a non-null value when exiting constructor. Consider adding the 'required' modifier or declaring the property as nullable. [d:\DotNet\TechStore\Domain\Domain.csproj]
  Domain -> D:\DotNet\TechStore\Domain\bin\Debug\net8.0\Domain.dll
  Application -> d:\DotNet\TechStore\Application\bin\Debug\net8.0\Application.dll
  Infrastructure -> d:\DotNet\TechStore\Infrastructure\bin\Debug\net8.0\TechStore.Infrastructure.dll
d:\DotNet\TechStore\WebApp\Areas\Admin\Controllers\DashboardController.cs(11,26): error CS0246: The type or namespace name 'IDashboardService' could not be found (are you missing a using directive or an assembly reference?) [d:\DotNet\TechStore\WebApp\WebApp.csproj]
d:\DotNet\TechStore\WebApp\Areas\Admin\Controllers\DashboardController.cs(13,36): error CS0246: The type or namespace name 'IDashboardService' could not be found (are you missing a using directive or an assembly reference?) [d:\DotNet\TechStore\WebApp\WebApp.csproj]
d:\DotNet\TechStore\WebApp\Controllers\CompareController.cs(8,26): error CS0246: The type or namespace name 'ICompareService' could not be found (are you missing a using directive or an assembly reference?) [d:\DotNet\TechStore\WebApp\WebApp.csproj]
d:\DotNet\TechStore\WebApp\Controllers\HomeController.cs(11,26): error CS0246: The type or namespace name 'IProductService' could not be found (are you missing a using directive or an assembly reference?) [d:\DotNet\TechStore\WebApp\WebApp.csproj]
d:\DotNet\TechStore\WebApp\Areas\Admin\Controllers\CategoryController.cs(13,26): error CS0246: The type or namespace name 'IAdminCategoryService' could not be found (are you missing a using directive or an assembly reference?) [d:\DotNet\TechStore\WebApp\WebApp.csproj]
d:\DotNet\TechStore\WebApp\Areas\Admin\Controllers\BrandController.cs(13,26): error CS0246: The type or namespace name 'IAdminBrandService' could not be found (are you missing a using directive or an assembly reference?) [d:\DotNet\TechStore\WebApp\WebApp.csproj]
d:\DotNet\TechStore\WebApp\Controllers\ReviewController.cs(21,49): error CS0246: The type or namespace name 'CreateReviewDto' could not be found (are you missing a using directive or an assembly reference?) [d:\DotNet\TechStore\WebApp\WebApp.csproj]
d:\DotNet\TechStore\WebApp\Controllers\OrderController.cs(37,51): error CS0246: The type or namespace name 'CheckoutDto' could not be found (are you missing a using directive or an assembly reference?) [d:\DotNet\TechStore\WebApp\WebApp.csproj]
d:\DotNet\TechStore\WebApp\Controllers\CompareController.cs(10,34): error CS0246: The type or namespace name 'ICompareService' could not be found (are you missing a using directive or an assembly reference?) [d:\DotNet\TechStore\WebApp\WebApp.csproj]
d:\DotNet\TechStore\WebApp\Controllers\HomeController.cs(13,63): error CS0246: The type or namespace name 'IProductService' could not be found (are you missing a using directive or an assembly reference?) [d:\DotNet\TechStore\WebApp\WebApp.csproj]
d:\DotNet\TechStore\WebApp\Areas\Admin\Controllers\CategoryController.cs(15,35): error CS0246: The type or namespace name 'IAdminCategoryService' could not be found (are you missing a using directive or an assembly reference?) [d:\DotNet\TechStore\WebApp\WebApp.csproj]
d:\DotNet\TechStore\WebApp\Controllers\PaymentController.cs(12,26): error CS0246: The type or namespace name 'IOrderService' could not be found (are you missing a using directive or an assembly reference?) [d:\DotNet\TechStore\WebApp\WebApp.csproj]
d:\DotNet\TechStore\WebApp\Areas\Admin\Controllers\OrderController.cs(13,26): error CS0246: The type or namespace name 'IAdminOrderService' could not be found (are you missing a using directive or an assembly reference?) [d:\DotNet\TechStore\WebApp\WebApp.csproj]
d:\DotNet\TechStore\WebApp\Areas\Admin\Controllers\BrandController.cs(15,32): error CS0246: The type or namespace name 'IAdminBrandService' could not be found (are you missing a using directive or an assembly reference?) [d:\DotNet\TechStore\WebApp\WebApp.csproj]
d:\DotNet\TechStore\WebApp\Controllers\ReviewController.cs(12,26): error CS0246: The type or namespace name 'IReviewService' could not be found (are you missing a using directive or an assembly reference?) [d:\DotNet\TechStore\WebApp\WebApp.csproj]
d:\DotNet\TechStore\WebApp\Controllers\PaymentController.cs(13,26): error CS0246: The type or namespace name 'IMoMoService' could not be found (are you missing a using directive or an assembly reference?) [d:\DotNet\TechStore\WebApp\WebApp.csproj]
d:\DotNet\TechStore\WebApp\Controllers\OrderController.cs(13,26): error CS0246: The type or namespace name 'IOrderService' could not be found (are you missing a using directive or an assembly reference?) [d:\DotNet\TechStore\WebApp\WebApp.csproj]
d:\DotNet\TechStore\WebApp\Controllers\ReviewController.cs(14,33): error CS0246: The type or namespace name 'IReviewService' could not be found (are you missing a using directive or an assembly reference?) [d:\DotNet\TechStore\WebApp\WebApp.csproj]
d:\DotNet\TechStore\WebApp\Controllers\PaymentController.cs(14,26): error CS0246: The type or namespace name 'ICartService' could not be found (are you missing a using directive or an assembly reference?) [d:\DotNet\TechStore\WebApp\WebApp.csproj]
d:\DotNet\TechStore\WebApp\Areas\Admin\Controllers\OrderController.cs(15,32): error CS0246: The type or namespace name 'IAdminOrderService' could not be found (are you missing a using directive or an assembly reference?) [d:\DotNet\TechStore\WebApp\WebApp.csproj]
d:\DotNet\TechStore\WebApp\Controllers\OrderController.cs(14,26): error CS0246: The type or namespace name 'ICartService' could not be found (are you missing a using directive or an assembly reference?) [d:\DotNet\TechStore\WebApp\WebApp.csproj]
d:\DotNet\TechStore\WebApp\Areas\Admin\Controllers\ProductController.cs(14,26): error CS0246: The type or namespace name 'IAdminProductService' could not be found (are you missing a using directive or an assembly reference?) [d:\DotNet\TechStore\WebApp\WebApp.csproj]
d:\DotNet\TechStore\WebApp\Areas\Admin\Controllers\ProductController.cs(16,34): error CS0246: The type or namespace name 'IAdminProductService' could not be found (are you missing a using directive or an assembly reference?) [d:\DotNet\TechStore\WebApp\WebApp.csproj]
d:\DotNet\TechStore\WebApp\Controllers\OrderController.cs(16,32): error CS0246: The type or namespace name 'IOrderService' could not be found (are you missing a using directive or an assembly reference?) [d:\DotNet\TechStore\WebApp\WebApp.csproj]
d:\DotNet\TechStore\WebApp\Controllers\OrderController.cs(16,60): error CS0246: The type or namespace name 'ICartService' could not be found (are you missing a using directive or an assembly reference?) [d:\DotNet\TechStore\WebApp\WebApp.csproj]
d:\DotNet\TechStore\WebApp\Controllers\PaymentController.cs(18,13): error CS0246: The type or namespace name 'IOrderService' could not be found (are you missing a using directive or an assembly reference?) [d:\DotNet\TechStore\WebApp\WebApp.csproj]
d:\DotNet\TechStore\WebApp\Controllers\PaymentController.cs(19,13): error CS0246: The type or namespace name 'IMoMoService' could not be found (are you missing a using directive or an assembly reference?) [d:\DotNet\TechStore\WebApp\WebApp.csproj]
d:\DotNet\TechStore\WebApp\Controllers\PaymentController.cs(20,13): error CS0246: The type or namespace name 'ICartService' could not be found (are you missing a using directive or an assembly reference?) [d:\DotNet\TechStore\WebApp\WebApp.csproj]
d:\DotNet\TechStore\WebApp\Areas\Admin\Views\Dashboard\Index.cshtml(1,25): error CS0234: The type or namespace name 'DashboardDto' does not exist in the namespace 'Application.DTOs' (are you missing an assembly reference?) [d:\DotNet\TechStore\WebApp\WebApp.csproj]
d:\DotNet\TechStore\WebApp\Areas\Admin\Views\Order\Details.cshtml(1,25): error CS0234: The type or namespace name 'OrderDto' does not exist in the namespace 'Application.DTOs' (are you missing an assembly reference?) [d:\DotNet\TechStore\WebApp\WebApp.csproj]
d:\DotNet\TechStore\WebApp\Areas\Admin\Views\Order\Index.cshtml(1,30): error CS0234: The type or namespace name 'OrderDto' does not exist in the namespace 'Application.DTOs' (are you missing an assembly reference?) [d:\DotNet\TechStore\WebApp\WebApp.csproj]
d:\DotNet\TechStore\WebApp\obj\Debug\net8.0\Microsoft.CodeAnalysis.Razor.Compiler\Microsoft.NET.Sdk.Razor.SourceGenerators.RazorSourceGenerator\Areas\Admin\Views\Order\Index_cshtml.g.cs(656,93): error CS0234: The type or namespace name 'OrderDto' does not exist in the namespace 'Application.DTOs' (are you missing an assembly reference?) [d:\DotNet\TechStore\WebApp\WebApp.csproj]
d:\DotNet\TechStore\WebApp\obj\Debug\net8.0\Microsoft.CodeAnalysis.Razor.Compiler\Microsoft.NET.Sdk.Razor.SourceGenerators.RazorSourceGenerator\Areas\Admin\Views\Dashboard\Index_cshtml.g.cs(772,88): error CS0234: The type or namespace name 'DashboardDto' does not exist in the namespace 'Application.DTOs' (are you missing an assembly reference?) [d:\DotNet\TechStore\WebApp\WebApp.csproj]
d:\DotNet\TechStore\WebApp\obj\Debug\net8.0\Microsoft.CodeAnalysis.Razor.Compiler\Microsoft.NET.Sdk.Razor.SourceGenerators.RazorSourceGenerator\Areas\Admin\Views\Order\Details_cshtml.g.cs(719,88): error CS0234: The type or namespace name 'OrderDto' does not exist in the namespace 'Application.DTOs' (are you missing an assembly reference?) [d:\DotNet\TechStore\WebApp\WebApp.csproj]
d:\DotNet\TechStore\WebApp\Views\Compare\Index.cshtml(1,30): error CS0234: The type or namespace name 'CompareItemDto' does not exist in the namespace 'Application.DTOs' (are you missing an assembly reference?) [d:\DotNet\TechStore\WebApp\WebApp.csproj]
d:\DotNet\TechStore\WebApp\obj\Debug\net8.0\Microsoft.CodeAnalysis.Razor.Compiler\Microsoft.NET.Sdk.Razor.SourceGenerators.RazorSourceGenerator\Views\Compare\Index_cshtml.g.cs(583,93): error CS0234: The type or namespace name 'CompareItemDto' does not exist in the namespace 'Application.DTOs' (are you missing an assembly reference?) [d:\DotNet\TechStore\WebApp\WebApp.csproj]
d:\DotNet\TechStore\WebApp\Views\Order\Checkout.cshtml(1,25): error CS0234: The type or namespace name 'CheckoutDto' does not exist in the namespace 'Application.DTOs' (are you missing an assembly reference?) [d:\DotNet\TechStore\WebApp\WebApp.csproj]
d:\DotNet\TechStore\WebApp\Views\Order\Confirmation.cshtml(1,25): error CS0234: The type or namespace name 'OrderDto' does not exist in the namespace 'Application.DTOs' (are you missing an assembly reference?) [d:\DotNet\TechStore\WebApp\WebApp.csproj]
d:\DotNet\TechStore\WebApp\Views\Order\Details.cshtml(1,33): error CS0234: The type or namespace name 'OrderDto' does not exist in the namespace 'Application.DTOs.Catalog' (are you missing an assembly reference?) [d:\DotNet\TechStore\WebApp\WebApp.csproj]
d:\DotNet\TechStore\WebApp\Views\Order\MyOrders.cshtml(1,38): error CS0234: The type or namespace name 'OrderDto' does not exist in the namespace 'Application.DTOs.Catalog' (are you missing an assembly reference?) [d:\DotNet\TechStore\WebApp\WebApp.csproj]
d:\DotNet\TechStore\WebApp\obj\Debug\net8.0\Microsoft.CodeAnalysis.Razor.Compiler\Microsoft.NET.Sdk.Razor.SourceGenerators.RazorSourceGenerator\Views\Order\Confirmation_cshtml.g.cs(455,88): error CS0234: The type or namespace name 'OrderDto' does not exist in the namespace 'Application.DTOs' (are you missing an assembly reference?) [d:\DotNet\TechStore\WebApp\WebApp.csproj]
d:\DotNet\TechStore\WebApp\obj\Debug\net8.0\Microsoft.CodeAnalysis.Razor.Compiler\Microsoft.NET.Sdk.Razor.SourceGenerators.RazorSourceGenerator\Views\Order\Checkout_cshtml.g.cs(989,88): error CS0234: The type or namespace name 'CheckoutDto' does not exist in the namespace 'Application.DTOs' (are you missing an assembly reference?) [d:\DotNet\TechStore\WebApp\WebApp.csproj]
d:\DotNet\TechStore\WebApp\obj\Debug\net8.0\Microsoft.CodeAnalysis.Razor.Compiler\Microsoft.NET.Sdk.Razor.SourceGenerators.RazorSourceGenerator\Views\Order\MyOrders_cshtml.g.cs(909,101): error CS0234: The type or namespace name 'OrderDto' does not exist in the namespace 'Application.DTOs.Catalog' (are you missing an assembly reference?) [d:\DotNet\TechStore\WebApp\WebApp.csproj]
d:\DotNet\TechStore\WebApp\obj\Debug\net8.0\Microsoft.CodeAnalysis.Razor.Compiler\Microsoft.NET.Sdk.Razor.SourceGenerators.RazorSourceGenerator\Views\Order\Details_cshtml.g.cs(839,96): error CS0234: The type or namespace name 'OrderDto' does not exist in the namespace 'Application.DTOs.Catalog' (are you missing an assembly reference?) [d:\DotNet\TechStore\WebApp\WebApp.csproj]

Build FAILED.

d:\DotNet\TechStore\Domain\Entities\Review.cs(8,24): warning CS8618: Non-nullable property 'Product' must contain a non-null value when exiting constructor. Consider adding the 'required' modifier or declaring the property as nullable. [d:\DotNet\TechStore\Domain\Domain.csproj]
d:\DotNet\TechStore\Domain\Entities\Review.cs(10,23): warning CS8618: Non-nullable property 'UserId' must contain a non-null value when exiting constructor. Consider adding the 'required' modifier or declaring the property as nullable. [d:\DotNet\TechStore\Domain\Domain.csproj]
d:\DotNet\TechStore\Domain\Entities\Review.cs(11,23): warning CS8618: Non-nullable property 'UserName' must contain a non-null value when exiting constructor. Consider adding the 'required' modifier or declaring the property as nullable. [d:\DotNet\TechStore\Domain\Domain.csproj]
d:\DotNet\TechStore\Domain\Entities\OrderDetail.cs(8,22): warning CS8618: Non-nullable property 'Order' must contain a non-null value when exiting constructor. Consider adding the 'required' modifier or declaring the property as nullable. [d:\DotNet\TechStore\Domain\Domain.csproj]
d:\DotNet\TechStore\Domain\Entities\OrderDetail.cs(11,24): warning CS8618: Non-nullable property 'Product' must contain a non-null value when exiting constructor. Consider adding the 'required' modifier or declaring the property as nullable. [d:\DotNet\TechStore\Domain\Domain.csproj]
d:\DotNet\TechStore\Domain\Entities\Brand.cs(7,23): warning CS8618: Non-nullable property 'Name' must contain a non-null value when exiting constructor. Consider adding the 'required' modifier or declaring the property as nullable. [d:\DotNet\TechStore\Domain\Domain.csproj]
d:\DotNet\TechStore\Domain\Entities\ProductSpecification.cs(8,24): warning CS8618: Non-nullable property 'Product' must contain a non-null value when exiting constructor. Consider adding the 'required' modifier or declaring the property as nullable. [d:\DotNet\TechStore\Domain\Domain.csproj]
d:\DotNet\TechStore\Domain\Entities\ProductSpecification.cs(10,23): warning CS8618: Non-nullable property 'Name' must contain a non-null value when exiting constructor. Consider adding the 'required' modifier or declaring the property as nullable. [d:\DotNet\TechStore\Domain\Domain.csproj]
d:\DotNet\TechStore\Domain\Entities\ProductSpecification.cs(11,23): warning CS8618: Non-nullable property 'Value' must contain a non-null value when exiting constructor. Consider adding the 'required' modifier or declaring the property as nullable. [d:\DotNet\TechStore\Domain\Domain.csproj]
d:\DotNet\TechStore\Domain\Entities\ProductImage.cs(7,23): warning CS8618: Non-nullable property 'ImageUrl' must contain a non-null value when exiting constructor. Consider adding the 'required' modifier or declaring the property as nullable. [d:\DotNet\TechStore\Domain\Domain.csproj]
d:\DotNet\TechStore\Domain\Entities\ProductImage.cs(12,24): warning CS8618: Non-nullable property 'Product' must contain a non-null value when exiting constructor. Consider adding the 'required' modifier or declaring the property as nullable. [d:\DotNet\TechStore\Domain\Domain.csproj]
d:\DotNet\TechStore\Domain\Entities\Category.cs(7,23): warning CS8618: Non-nullable property 'Name' must contain a non-null value when exiting constructor. Consider adding the 'required' modifier or declaring the property as nullable. [d:\DotNet\TechStore\Domain\Domain.csproj]
d:\DotNet\TechStore\Domain\Entities\Category.cs(8,23): warning CS8618: Non-nullable property 'Slug' must contain a non-null value when exiting constructor. Consider adding the 'required' modifier or declaring the property as nullable. [d:\DotNet\TechStore\Domain\Domain.csproj]
d:\DotNet\TechStore\Domain\Entities\Order.cs(8,23): warning CS8618: Non-nullable property 'UserId' must contain a non-null value when exiting constructor. Consider adding the 'required' modifier or declaring the property as nullable. [d:\DotNet\TechStore\Domain\Domain.csproj]
d:\DotNet\TechStore\Domain\Entities\Order.cs(12,23): warning CS8618: Non-nullable property 'FullName' must contain a non-null value when exiting constructor. Consider adding the 'required' modifier or declaring the property as nullable. [d:\DotNet\TechStore\Domain\Domain.csproj]
d:\DotNet\TechStore\Domain\Entities\Order.cs(13,23): warning CS8618: Non-nullable property 'PhoneNumber' must contain a non-null value when exiting constructor. Consider adding the 'required' modifier or declaring the property as nullable. [d:\DotNet\TechStore\Domain\Domain.csproj]
d:\DotNet\TechStore\Domain\Entities\Order.cs(14,23): warning CS8618: Non-nullable property 'ShippingAddress' must contain a non-null value when exiting constructor. Consider adding the 'required' modifier or declaring the property as nullable. [d:\DotNet\TechStore\Domain\Domain.csproj]
d:\DotNet\TechStore\Domain\Entities\Order.cs(18,23): warning CS8618: Non-nullable property 'PaymentMethod' must contain a non-null value when exiting constructor. Consider adding the 'required' modifier or declaring the property as nullable. [d:\DotNet\TechStore\Domain\Domain.csproj]
d:\DotNet\TechStore\Domain\Entities\Product.cs(7,23): warning CS8618: Non-nullable property 'Name' must contain a non-null value when exiting constructor. Consider adding the 'required' modifier or declaring the property as nullable. [d:\DotNet\TechStore\Domain\Domain.csproj]
d:\DotNet\TechStore\Domain\Entities\Product.cs(8,23): warning CS8618: Non-nullable property 'Code' must contain a non-null value when exiting constructor. Consider adding the 'required' modifier or declaring the property as nullable. [d:\DotNet\TechStore\Domain\Domain.csproj]
d:\DotNet\TechStore\Domain\Entities\Product.cs(9,23): warning CS8618: Non-nullable property 'Slug' must contain a non-null value when exiting constructor. Consider adding the 'required' modifier or declaring the property as nullable. [d:\DotNet\TechStore\Domain\Domain.csproj]
d:\DotNet\TechStore\Domain\Entities\Product.cs(23,25): warning CS8618: Non-nullable property 'Category' must contain a non-null value when exiting constructor. Consider adding the 'required' modifier or declaring the property as nullable. [d:\DotNet\TechStore\Domain\Domain.csproj]
d:\DotNet\TechStore\WebApp\Areas\Admin\Controllers\DashboardController.cs(11,26): error CS0246: The type or namespace name 'IDashboardService' could not be found (are you missing a using directive or an assembly reference?) [d:\DotNet\TechStore\WebApp\WebApp.csproj]
d:\DotNet\TechStore\WebApp\Areas\Admin\Controllers\DashboardController.cs(13,36): error CS0246: The type or namespace name 'IDashboardService' could not be found (are you missing a using directive or an assembly reference?) [d:\DotNet\TechStore\WebApp\WebApp.csproj]
d:\DotNet\TechStore\WebApp\Controllers\CompareController.cs(8,26): error CS0246: The type or namespace name 'ICompareService' could not be found (are you missing a using directive or an assembly reference?) [d:\DotNet\TechStore\WebApp\WebApp.csproj]
d:\DotNet\TechStore\WebApp\Controllers\HomeController.cs(11,26): error CS0246: The type or namespace name 'IProductService' could not be found (are you missing a using directive or an assembly reference?) [d:\DotNet\TechStore\WebApp\WebApp.csproj]
d:\DotNet\TechStore\WebApp\Areas\Admin\Controllers\CategoryController.cs(13,26): error CS0246: The type or namespace name 'IAdminCategoryService' could not be found (are you missing a using directive or an assembly reference?) [d:\DotNet\TechStore\WebApp\WebApp.csproj]
d:\DotNet\TechStore\WebApp\Areas\Admin\Controllers\BrandController.cs(13,26): error CS0246: The type or namespace name 'IAdminBrandService' could not be found (are you missing a using directive or an assembly reference?) [d:\DotNet\TechStore\WebApp\WebApp.csproj]
d:\DotNet\TechStore\WebApp\Controllers\ReviewController.cs(21,49): error CS0246: The type or namespace name 'CreateReviewDto' could not be found (are you missing a using directive or an assembly reference?) [d:\DotNet\TechStore\WebApp\WebApp.csproj]
d:\DotNet\TechStore\WebApp\Controllers\OrderController.cs(37,51): error CS0246: The type or namespace name 'CheckoutDto' could not be found (are you missing a using directive or an assembly reference?) [d:\DotNet\TechStore\WebApp\WebApp.csproj]
d:\DotNet\TechStore\WebApp\Controllers\CompareController.cs(10,34): error CS0246: The type or namespace name 'ICompareService' could not be found (are you missing a using directive or an assembly reference?) [d:\DotNet\TechStore\WebApp\WebApp.csproj]
d:\DotNet\TechStore\WebApp\Controllers\HomeController.cs(13,63): error CS0246: The type or namespace name 'IProductService' could not be found (are you missing a using directive or an assembly reference?) [d:\DotNet\TechStore\WebApp\WebApp.csproj]
d:\DotNet\TechStore\WebApp\Areas\Admin\Controllers\CategoryController.cs(15,35): error CS0246: The type or namespace name 'IAdminCategoryService' could not be found (are you missing a using directive or an assembly reference?) [d:\DotNet\TechStore\WebApp\WebApp.csproj]
d:\DotNet\TechStore\WebApp\Controllers\PaymentController.cs(12,26): error CS0246: The type or namespace name 'IOrderService' could not be found (are you missing a using directive or an assembly reference?) [d:\DotNet\TechStore\WebApp\WebApp.csproj]
d:\DotNet\TechStore\WebApp\Areas\Admin\Controllers\OrderController.cs(13,26): error CS0246: The type or namespace name 'IAdminOrderService' could not be found (are you missing a using directive or an assembly reference?) [d:\DotNet\TechStore\WebApp\WebApp.csproj]
d:\DotNet\TechStore\WebApp\Areas\Admin\Controllers\BrandController.cs(15,32): error CS0246: The type or namespace name 'IAdminBrandService' could not be found (are you missing a using directive or an assembly reference?) [d:\DotNet\TechStore\WebApp\WebApp.csproj]
d:\DotNet\TechStore\WebApp\Controllers\ReviewController.cs(12,26): error CS0246: The type or namespace name 'IReviewService' could not be found (are you missing a using directive or an assembly reference?) [d:\DotNet\TechStore\WebApp\WebApp.csproj]
d:\DotNet\TechStore\WebApp\Controllers\PaymentController.cs(13,26): error CS0246: The type or namespace name 'IMoMoService' could not be found (are you missing a using directive or an assembly reference?) [d:\DotNet\TechStore\WebApp\WebApp.csproj]
d:\DotNet\TechStore\WebApp\Controllers\OrderController.cs(13,26): error CS0246: The type or namespace name 'IOrderService' could not be found (are you missing a using directive or an assembly reference?) [d:\DotNet\TechStore\WebApp\WebApp.csproj]
d:\DotNet\TechStore\WebApp\Controllers\ReviewController.cs(14,33): error CS0246: The type or namespace name 'IReviewService' could not be found (are you missing a using directive or an assembly reference?) [d:\DotNet\TechStore\WebApp\WebApp.csproj]
d:\DotNet\TechStore\WebApp\Controllers\PaymentController.cs(14,26): error CS0246: The type or namespace name 'ICartService' could not be found (are you missing a using directive or an assembly reference?) [d:\DotNet\TechStore\WebApp\WebApp.csproj]
d:\DotNet\TechStore\WebApp\Areas\Admin\Controllers\OrderController.cs(15,32): error CS0246: The type or namespace name 'IAdminOrderService' could not be found (are you missing a using directive or an assembly reference?) [d:\DotNet\TechStore\WebApp\WebApp.csproj]
d:\DotNet\TechStore\WebApp\Controllers\OrderController.cs(14,26): error CS0246: The type or namespace name 'ICartService' could not be found (are you missing a using directive or an assembly reference?) [d:\DotNet\TechStore\WebApp\WebApp.csproj]
d:\DotNet\TechStore\WebApp\Areas\Admin\Controllers\ProductController.cs(14,26): error CS0246: The type or namespace name 'IAdminProductService' could not be found (are you missing a using directive or an assembly reference?) [d:\DotNet\TechStore\WebApp\WebApp.csproj]
d:\DotNet\TechStore\WebApp\Areas\Admin\Controllers\ProductController.cs(16,34): error CS0246: The type or namespace name 'IAdminProductService' could not be found (are you missing a using directive or an assembly reference?) [d:\DotNet\TechStore\WebApp\WebApp.csproj]
d:\DotNet\TechStore\WebApp\Controllers\OrderController.cs(16,32): error CS0246: The type or namespace name 'IOrderService' could not be found (are you missing a using directive or an assembly reference?) [d:\DotNet\TechStore\WebApp\WebApp.csproj]
d:\DotNet\TechStore\WebApp\Controllers\OrderController.cs(16,60): error CS0246: The type or namespace name 'ICartService' could not be found (are you missing a using directive or an assembly reference?) [d:\DotNet\TechStore\WebApp\WebApp.csproj]
d:\DotNet\TechStore\WebApp\Controllers\PaymentController.cs(18,13): error CS0246: The type or namespace name 'IOrderService' could not be found (are you missing a using directive or an assembly reference?) [d:\DotNet\TechStore\WebApp\WebApp.csproj]
d:\DotNet\TechStore\WebApp\Controllers\PaymentController.cs(19,13): error CS0246: The type or namespace name 'IMoMoService' could not be found (are you missing a using directive or an assembly reference?) [d:\DotNet\TechStore\WebApp\WebApp.csproj]
d:\DotNet\TechStore\WebApp\Controllers\PaymentController.cs(20,13): error CS0246: The type or namespace name 'ICartService' could not be found (are you missing a using directive or an assembly reference?) [d:\DotNet\TechStore\WebApp\WebApp.csproj]
d:\DotNet\TechStore\WebApp\Areas\Admin\Views\Dashboard\Index.cshtml(1,25): error CS0234: The type or namespace name 'DashboardDto' does not exist in the namespace 'Application.DTOs' (are you missing an assembly reference?) [d:\DotNet\TechStore\WebApp\WebApp.csproj]
d:\DotNet\TechStore\WebApp\Areas\Admin\Views\Order\Details.cshtml(1,25): error CS0234: The type or namespace name 'OrderDto' does not exist in the namespace 'Application.DTOs' (are you missing an assembly reference?) [d:\DotNet\TechStore\WebApp\WebApp.csproj]
d:\DotNet\TechStore\WebApp\Areas\Admin\Views\Order\Index.cshtml(1,30): error CS0234: The type or namespace name 'OrderDto' does not exist in the namespace 'Application.DTOs' (are you missing an assembly reference?) [d:\DotNet\TechStore\WebApp\WebApp.csproj]
d:\DotNet\TechStore\WebApp\obj\Debug\net8.0\Microsoft.CodeAnalysis.Razor.Compiler\Microsoft.NET.Sdk.Razor.SourceGenerators.RazorSourceGenerator\Areas\Admin\Views\Order\Index_cshtml.g.cs(656,93): error CS0234: The type or namespace name 'OrderDto' does not exist in the namespace 'Application.DTOs' (are you missing an assembly reference?) [d:\DotNet\TechStore\WebApp\WebApp.csproj]
d:\DotNet\TechStore\WebApp\obj\Debug\net8.0\Microsoft.CodeAnalysis.Razor.Compiler\Microsoft.NET.Sdk.Razor.SourceGenerators.RazorSourceGenerator\Areas\Admin\Views\Dashboard\Index_cshtml.g.cs(772,88): error CS0234: The type or namespace name 'DashboardDto' does not exist in the namespace 'Application.DTOs' (are you missing an assembly reference?) [d:\DotNet\TechStore\WebApp\WebApp.csproj]
d:\DotNet\TechStore\WebApp\obj\Debug\net8.0\Microsoft.CodeAnalysis.Razor.Compiler\Microsoft.NET.Sdk.Razor.SourceGenerators.RazorSourceGenerator\Areas\Admin\Views\Order\Details_cshtml.g.cs(719,88): error CS0234: The type or namespace name 'OrderDto' does not exist in the namespace 'Application.DTOs' (are you missing an assembly reference?) [d:\DotNet\TechStore\WebApp\WebApp.csproj]
d:\DotNet\TechStore\WebApp\Views\Compare\Index.cshtml(1,30): error CS0234: The type or namespace name 'CompareItemDto' does not exist in the namespace 'Application.DTOs' (are you missing an assembly reference?) [d:\DotNet\TechStore\WebApp\WebApp.csproj]
d:\DotNet\TechStore\WebApp\obj\Debug\net8.0\Microsoft.CodeAnalysis.Razor.Compiler\Microsoft.NET.Sdk.Razor.SourceGenerators.RazorSourceGenerator\Views\Compare\Index_cshtml.g.cs(583,93): error CS0234: The type or namespace name 'CompareItemDto' does not exist in the namespace 'Application.DTOs' (are you missing an assembly reference?) [d:\DotNet\TechStore\WebApp\WebApp.csproj]
d:\DotNet\TechStore\WebApp\Views\Order\Checkout.cshtml(1,25): error CS0234: The type or namespace name 'CheckoutDto' does not exist in the namespace 'Application.DTOs' (are you missing an assembly reference?) [d:\DotNet\TechStore\WebApp\WebApp.csproj]
d:\DotNet\TechStore\WebApp\Views\Order\Confirmation.cshtml(1,25): error CS0234: The type or namespace name 'OrderDto' does not exist in the namespace 'Application.DTOs' (are you missing an assembly reference?) [d:\DotNet\TechStore\WebApp\WebApp.csproj]
d:\DotNet\TechStore\WebApp\Views\Order\Details.cshtml(1,33): error CS0234: The type or namespace name 'OrderDto' does not exist in the namespace 'Application.DTOs.Catalog' (are you missing an assembly reference?) [d:\DotNet\TechStore\WebApp\WebApp.csproj]
d:\DotNet\TechStore\WebApp\Views\Order\MyOrders.cshtml(1,38): error CS0234: The type or namespace name 'OrderDto' does not exist in the namespace 'Application.DTOs.Catalog' (are you missing an assembly reference?) [d:\DotNet\TechStore\WebApp\WebApp.csproj]
d:\DotNet\TechStore\WebApp\obj\Debug\net8.0\Microsoft.CodeAnalysis.Razor.Compiler\Microsoft.NET.Sdk.Razor.SourceGenerators.RazorSourceGenerator\Views\Order\Confirmation_cshtml.g.cs(455,88): error CS0234: The type or namespace name 'OrderDto' does not exist in the namespace 'Application.DTOs' (are you missing an assembly reference?) [d:\DotNet\TechStore\WebApp\WebApp.csproj]
d:\DotNet\TechStore\WebApp\obj\Debug\net8.0\Microsoft.CodeAnalysis.Razor.Compiler\Microsoft.NET.Sdk.Razor.SourceGenerators.RazorSourceGenerator\Views\Order\Checkout_cshtml.g.cs(989,88): error CS0234: The type or namespace name 'CheckoutDto' does not exist in the namespace 'Application.DTOs' (are you missing an assembly reference?) [d:\DotNet\TechStore\WebApp\WebApp.csproj]
d:\DotNet\TechStore\WebApp\obj\Debug\net8.0\Microsoft.CodeAnalysis.Razor.Compiler\Microsoft.NET.Sdk.Razor.SourceGenerators.RazorSourceGenerator\Views\Order\MyOrders_cshtml.g.cs(909,101): error CS0234: The type or namespace name 'OrderDto' does not exist in the namespace 'Application.DTOs.Catalog' (are you missing an assembly reference?) [d:\DotNet\TechStore\WebApp\WebApp.csproj]
d:\DotNet\TechStore\WebApp\obj\Debug\net8.0\Microsoft.CodeAnalysis.Razor.Compiler\Microsoft.NET.Sdk.Razor.SourceGenerators.RazorSourceGenerator\Views\Order\Details_cshtml.g.cs(839,96): error CS0234: The type or namespace name 'OrderDto' does not exist in the namespace 'Application.DTOs.Catalog' (are you missing an assembly reference?) [d:\DotNet\TechStore\WebApp\WebApp.csproj]
    22 Warning(s)
    44 Error(s)

Time Elapsed 00:00:06.01
